version: 1.0.0

registerApp:
  - uses: aadApp/create
    with:
      name: ${{CONFIG__MANIFEST__APPNAME__SHORT}}-aad
      generateClientSecret: true

  - uses: teamsApp/create
    with:
      name: ${{CONFIG__MANIFEST__APPNAME__SHORT}}

provision:
  - uses: botAadApp/create
    with:
      name: ${{CONFIG__MANIFEST__APPNAME__SHORT}}-bot

  - uses: botFramework/create
    with:
      botId: ${{BOT_ID}}
      name: ${{CONFIG__MANIFEST__APPNAME__SHORT}}-bot
      messagingEndpoint: ${{PROVISIONOUTPUT__AZUREWEBAPPBOTOUTPUT__SITEENDPOINT}}/api/messages
      description: ""

configureApp:
  - uses: aadApp/update
    with:
      manifestTemplatePath: ./aad.manifest.template.json
      outputFilePath : ./build/aad.manifest.${{TEAMSFX_ENV}}.json

  - uses: teamsApp/validate
    with:
      manifestTemplatePath: ./appPackage/manifest.template.json

  - uses: teamsApp/zipAppPackage
    with:
      manifestTemplatePath: ./appPackage/manifest.template.json
      outputZipPath: ./build/appPackage/appPackage.${{TEAMSFX_ENV}}.zip
      outputJsonPath: ./build/appPackage/manifest.${{TEAMSFX_ENV}}.json

  - uses: teamsApp/update
    with:
      appPackagePath: ./build/appPackage/appPackage.${{TEAMSFX_ENV}}.zip

deploy:
  - uses: file/updateEnv
    with:
      target: ./bot/.env.teamsfx.local
      envs:
        BOT_ID: ${{BOT_ID}}
        BOT_PASSWORD: ${{SECRET_BOT_PASSWORD}}

  - uses: file/updateEnv
    with:
      target: ./bot/.env.teamsfx.local
      envs:
        M365_CLIENT_ID: ${{AAD_APP_CLIENT_ID}}
        M365_CLIENT_SECRET: ${{SECRET_AAD_APP_CLIENT_SECRET}}
        M365_TENANT_ID: ${{AAD_APP_TENANT_ID}}
        M365_AUTHORITY_HOST: ${{AAD_APP_OAUTH_AUTHORITY_HOST}}
        INITIATE_LOGIN_ENDPOINT: ${{PROVISIONOUTPUT__AZUREWEBAPPBOTOUTPUT__SITEENDPOINT}}/auth-start.html
        M365_APPLICATION_ID_URI: api://botid-${{BOT_ID}}

  - uses: cli/runNpmCommand
    with:
      args: install --no-audit
      workingDirectory: ./bot

