version: 1.0.0

registerApp:
  - uses: aadApp/create
    with:
      name: ${{CONFIG__MANIFEST__APPNAME__SHORT}}-aad
      generateClientSecret: true

  - uses: teamsApp/create
    with:
      name: ${{CONFIG__MANIFEST__APPNAME__SHORT}}

configureApp:
  - uses: file/updateEnv
    with:
      envs:
        PROVISIONOUTPUT__AZURESTORAGETABOUTPUT__DOMAIN: localhost:53000
        PROVISIONOUTPUT__AZURESTORAGETABOUTPUT__ENDPOINT: https://localhost:53000
        PROVISIONOUTPUT__AZURESTORAGETABOUTPUT__INDEXPATH: /index.html#

  - uses: aadApp/update
    with:
      manifestTemplatePath: ./aad.manifest.template.json
      outputFilePath : ./build/aad.manifest.${{TEAMSFX_ENV}}.json

  - uses: teamsApp/validate
    with:
      manifestTemplatePath: ./appPackage/manifest.template.json

  - uses: teamsApp/createAppPackage
    with:
      manifestTemplatePath: ./appPackage/manifest.template.json
      outputZipPath: ./build/appPackage/appPackage.${{TEAMSFX_ENV}}.zip
      outputJsonPath: ./build/appPackage/manifest.${{TEAMSFX_ENV}}.json

  - uses: teamsApp/update
    with:
      appPackagePath: ./build/appPackage/appPackage.${{TEAMSFX_ENV}}.zip

deploy:
  - uses: tools/install 
    with:
      devCert:
        trust: true

  - uses: file/updateEnv
    with:
      target: ./tabs/.env.teamsfx.local
      envs:
        BROWSER: none
        HTTPS: true
        PORT: 53000
        SSL_CRT_FILE: ${{SSL_CRT_FILE}}
        SSL_KEY_FILE: ${{SSL_KEY_FILE}}

  - uses: file/updateEnv
    with:
      target: ./tabs/.env.teamsfx.local
      envs:
        REACT_APP_START_LOGIN_PAGE_URL: ${{PROVISIONOUTPUT__AZURESTORAGETABOUTPUT__ENDPOINT}}/auth-start.html
        REACT_APP_CLIENT_ID: ${{AAD_APP_CLIENT_ID}}

  - uses: npm/command
    with:
      args: install --no-audit
      workingDirectory: ./tabs

