version: 1.0.0

deploy:
  - uses: npm/command
    with:
      args: install --no-audit
      workingDirectory: ./bot

