{
    "version": "2.0.0",
    "tasks": [
        {
            "label": "Pre Debug Check",
            "dependsOn": [
                "dependency check",
                "prepare dev env"
            ],
            "dependsOrder": "sequence"
        },
        {
            // Check if all required prerequisites are installed and will install them if not.
            // See https://aka.ms/teamsfx-check-prerequisites-task to know the details and how to customize the args.
            "label": "dependency check",
            "type": "teamsfx",
            "command": "debug-check-prerequisites",
            "args": {
                "prerequisites": [
                    "nodejs", // Validate if Node.js is installed.
                    "m365Account", // Sign-in prompt for Microsoft 365 account, then validate if the account enables the sideloading permission.
                    "portOccupancy" // Validate available ports to ensure those debug ones are not occupied.
                ],
                "portOccupancy": [
                    53000 // tab service port
                ]
            }
        },
        {
            "label": "prepare dev env",
            "dependsOn": [
                "prepare local environment",
                "frontend npm install"
            ],
            "dependsOrder": "parallel"
        },
        {
            "label": "prepare local environment",
            "dependsOn": [
                "Create resources",
                "Install tools and Build project"
            ],
            "dependsOrder": "sequence"
        },
        {
            // Create the debug resources.
            // See https://aka.ms/teamsfx-provision-task to know the details and how to customize the args.
            "label": "Create resources",
            "type": "teamsfx",
            "command": "provision",
            "args": {
                "template": "${workspaceFolder}/teamsfx/app.local.yml",
                "env": "local"
            }
        },
        {
            // Install tools and Build project.
            // See https://aka.ms/teamsfx-deploy-task to know the details and how to customize the args.
            "label": "Install tools and Build project",
            "type": "teamsfx",
            "command": "deploy",
            "args": {
                "template": "${workspaceFolder}/teamsfx/app.local.yml",
                "env": "local"
            }
        },
        {
            "label": "Start Frontend",
            "dependsOn": [
                "Start frontend",
                "Start auth"
            ],
            "dependsOrder": "parallel"
        },
        {
            "label": "Start auth",
            "type": "shell",
            "command": "node teamsfx/script/run.auth.js . teamsfx/.env.local",
            "isBackground": true,
            "options": {
                "cwd": "${workspaceFolder}"
            },
            "problemMatcher": {
                "pattern": [
                    {
                        "regexp": "^.*$",
                        "file": 0,
                        "location": 1,
                        "message": 2
                    }
                ],
                "background": {
                    "activeOnStart": true,
                    "beginsPattern": ".*",
                    "endsPattern": ".*"
                }
            }
        },
        {
            "label": "Start frontend",
            "type": "shell",
            "command": "node ../teamsfx/script/run.tab.js .. ../teamsfx/.env.local",
            "isBackground": true,
            "options": {
                "cwd": "${workspaceFolder}/tabs"
            },
            "problemMatcher": {
                "pattern": {
                    "regexp": "^.*$",
                    "file": 0,
                    "location": 1,
                    "message": 2
                },
                "background": {
                    "activeOnStart": true,
                    "beginsPattern": ".*",
                    "endsPattern": "Compiled|Failed|compiled|failed"
                }
            }
        },
        {
            "label": "frontend npm install",
            "type": "shell",
            "command": "npm install",
            "options": {
                "cwd": "${workspaceFolder}/tabs"
            }
        }
    ]
}