{
    "appName":"testAppName",
    "projectId":"testProjectId",
    "appVersion":"1.0.0"
}