{
    "version": "2.0.0",
    "tasks": [
        {
            "label": "Pre Debug Check & Start All",
            "dependsOn": [
                "validate local prerequisites",
                "start ngrok",
                "prepare local environment",
                "Start All"
            ],
            "dependsOrder": "sequence"
        },
        {
            // Check if all required prerequisites are installed and will install them if not.
            // See https://aka.ms/teamsfx-check-prerequisites-task to know the details and how to customize the args.
            "label": "validate local prerequisites",
            "type": "teamsfx",
            "command": "debug-check-prerequisites",
            "presentation": {
                "reveal": "never"
            },
            "args": {
                "prerequisites": [
                    "nodejs", // Validate if Node.js is installed.
                    "m365Account", // Sign-in prompt for Microsoft 365 account, then validate if the account enables the sideloading permission.
                    "portOccupancy" // Validate available ports to ensure those debug ones are not occupied.
                ],
                "portOccupancy": [
                    3978, // bot service port
                    9239 // bot inspector port for Node.js debugger
                ]
            }
        },
        {
            "label": "start ngrok",
            "dependsOn": "teamsfx: ngrok start"
        },
        {
            "label": "prepare local environment",
            "type": "shell",
            "command": "exit ${command:fx-extension.pre-debug-check}",
            "presentation": {
                "reveal": "never"
            }
        },
        {
            "label": "Start All",
            "dependsOn": [
                "Start Bot"
            ]
        },
        {
            "label": "Start Bot",
            "type": "shell",
            "command": "npm run dev:teamsfx",
            "isBackground": true,
            "problemMatcher": {
                "pattern": [
                    {
                        "regexp": "^.*$",
                        "file": 0,
                        "location": 1,
                        "message": 2
                    }
                ],
                "background": {
                    "activeOnStart": true,
                    "beginsPattern": "[nodemon] starting",
                    "endsPattern": "restify listening to|Bot/ME service listening at|[nodemon] app crashed"
                }
            },
            "options": {
                "cwd": "${workspaceFolder}/bot"
            }
        }
    ]
}