version: 1.0.0

registerApp:
  - uses: aadApp/create
    with:
      name: ${{CONFIG__MANIFEST__APPNAME__SHORT}}-aad
      generateClientSecret: true

  - uses: teamsApp/create
    with:
      name: ${{CONFIG__MANIFEST__APPNAME__SHORT}}

provision:
  - uses: botAadApp/create
    with:
      name: ${{CONFIG__MANIFEST__APPNAME__SHORT}}-bot

  - uses: botFramework/create
    with:
      botId: ${{BOT_ID}}
      name: ${{CONFIG__MANIFEST__APPNAME__SHORT}}-bot
      messagingEndpoint: ${{PROVISIONOUTPUT__BOTOUTPUT__SITEENDPOINT}}/api/messages
      description: ""
      channels:
        - name: msteams

configureApp:
  - uses: file/updateEnv
    with:
      envs:
        PROVISIONOUTPUT__FRONTENDHOSTINGOUTPUT__DOMAIN: localhost:53000
        PROVISIONOUTPUT__FRONTENDHOSTINGOUTPUT__ENDPOINT: https://localhost:53000
        PROVISIONOUTPUT__FRONTENDHOSTINGOUTPUT__INDEXPATH: /index.html#

  - uses: aadApp/update
    with:
      manifestPath: ./aad.manifest.template.json
      outputFilePath : ./build/aad.manifest.${{TEAMSFX_ENV}}.json

  - uses: teamsApp/validate
    with:
      manifestPath: ./appPackage/manifest.template.json

  - uses: teamsApp/zipAppPackage
    with:
      manifestPath: ./appPackage/manifest.template.json
      outputZipPath: ./build/appPackage/appPackage.${{TEAMSFX_ENV}}.zip
      outputJsonPath: ./build/appPackage/manifest.${{TEAMSFX_ENV}}.json

  - uses: teamsApp/update
    with:
      appPackagePath: ./build/appPackage/appPackage.${{TEAMSFX_ENV}}.zip

deploy:
  - uses: prerequisite/install 
    with:
      devCert:
        trust: true
      func: true
      dotnet: true

  - uses: cli/runDotnetCommand
    with:
      args: build extensions.csproj -o ./bin --ignore-failed-sources
      workingDirectory: ./api
      execPath: ${{DOTNET_PATH}}

  - uses: cli/runNpmCommand
    with:
      args: install -D env-cmd
      workingDirectory: .

  - uses: file/updateEnv
    with:
      target: ./tabs/.localSettings
      envs:
        BROWSER: none
        HTTPS: true
        PORT: 53000
        SSL_CRT_FILE: ${{SSL_CRT_FILE}}
        SSL_KEY_FILE: ${{SSL_KEY_FILE}}
        REACT_APP_CLIENT_ID: ${{AAD_APP_CLIENT_ID}}
        REACT_APP_START_LOGIN_PAGE_URL: ${{PROVISIONOUTPUT__FRONTENDHOSTINGOUTPUT__ENDPOINT}}/auth-start.html
        REACT_APP_TEAMSFX_ENDPOINT: http://localhost:55000
        REACT_APP_FUNC_ENDPOINT: http://localhost:7071
        REACT_APP_FUNC_NAME: getUserProfile

  - uses: file/updateAppSettings
    with:
      target: SIMPLE_AUTH_APPSETTINGS_PATH
      appsettings:
        CLIENT_ID: ${{AAD_APP_CLIENT_ID}}
        CLIENT_SECRET: ${{SECRET_AAD_APP_CLIENT_SECRET}}
        IDENTIFIER_URI: api://${{PROVISIONOUTPUT__FRONTENDHOSTINGOUTPUT__DOMAIN}}/${{AAD_APP_CLIENT_ID}}
        AAD_METADATA_ADDRESS: ${{AAD_APP_OAUTH_AUTHORITY}}/v2.0/.well-known/openid-configuration
        OAUTH_AUTHORITY: ${{AAD_APP_OAUTH_AUTHORITY}}
        TAB_APP_ENDPOINT: ${{PROVISIONOUTPUT__FRONTENDHOSTINGOUTPUT__ENDPOINT}}
        ALLOWED_APP_IDS: 1fec8e78-bce4-4aaf-ab1b-5451cc387264;5e3ce6c0-2b1f-4285-8d4b-75ee78787346;0ec893e0-5785-4de6-99da-4ed124e5296c;4345a7b9-9a63-4910-a426-35363201d503;4765445b-32c6-49b0-83e6-1d93765276ca;d3590ed6-52b3-4102-aeff-aad2292ab01c;00000002-0000-0ff1-ce00-000000000000;bc59ab01-8403-45c6-8796-ac3ef710b3e3
        URLS: http://localhost:55000

  - uses: file/updateEnv
    with:
      target: ./bot/.localSettings
      envs:
        BOT_ID: ${{BOT_ID}}
        BOT_PASSWORD: ${{SECRET_BOT_PASSWORD}}
        M365_CLIENT_ID: ${{AAD_APP_CLIENT_ID}}
        M365_CLIENT_SECRET: ${{SECRET_AAD_APP_CLIENT_SECRET}}
        M365_TENANT_ID: ${{AAD_APP_TENANT_ID}}
        M365_AUTHORITY_HOST: ${{AAD_APP_OAUTH_AUTHORITY_HOST}}
        INITIATE_LOGIN_ENDPOINT: ${{PROVISIONOUTPUT__BOTOUTPUT__SITEENDPOINT}}/auth-start.html
        M365_APPLICATION_ID_URI: api://${{PROVISIONOUTPUT__FRONTENDHOSTINGOUTPUT__DOMAIN}}/botid-${{BOT_ID}}
        API_ENDPOINT: http://localhost:7071

  - uses: file/updateEnv
    with:
      target: ./api/.localSetting
      envs:
        FUNCTIONS_WORKER_RUNTIME: node
        M365_CLIENT_ID: ${{AAD_APP_CLIENT_ID}}
        M365_CLIENT_SECRET: ${{SECRET_AAD_APP_CLIENT_SECRET}}
        M365_TENANT_ID: ${{AAD_APP_TENANT_ID}}
        M365_AUTHORITY_HOST: ${{AAD_APP_OAUTH_AUTHORITY_HOST}}
        ALLOWED_APP_IDS: 1fec8e78-bce4-4aaf-ab1b-5451cc387264;5e3ce6c0-2b1f-4285-8d4b-75ee78787346;0ec893e0-5785-4de6-99da-4ed124e5296c;4345a7b9-9a63-4910-a426-35363201d503;4765445b-32c6-49b0-83e6-1d93765276ca;d3590ed6-52b3-4102-aeff-aad2292ab01c;00000002-0000-0ff1-ce00-000000000000;bc59ab01-8403-45c6-8796-ac3ef710b3e3

