{
    "version": "2.0.0",
    "tasks": [
        {
            "label": "Pre Debug Check",
            "dependsOn": [
                "dependency check",
                "start ngrok",
                "prepare dev env"
            ],
            "dependsOrder": "sequence"
        },
        {
            // Check if all required prerequisites are installed and will install them if not.
            // See https://aka.ms/teamsfx-check-prerequisites-task to know the details and how to customize the args.
            "label": "dependency check",
            "type": "teamsfx",
            "command": "debug-check-prerequisites",
            "args": {
                "prerequisites": [
                    "nodejs", // Validate if Node.js is installed.
                    "m365Account", // Sign-in prompt for Microsoft 365 account, then validate if the account enables the sideloading permission.
                    "portOccupancy" // Validate available ports to ensure those debug ones are not occupied.
                ],
                "portOccupancy": [
                    53000, // tab service port
                    3978, // bot service port
                    9239, // bot inspector port for Node.js debugger
                    7071, // backend service port
                    9229 // backend inspector port for Node.js debugger
                ]
            }
        },
        {
            "label": "start ngrok",
            "type": "teamsfx",
            "command": "ngrok start",
            "isBackground": true,
            "dependsOn": [
                "bot npm install"
            ]
        },
        {
            "label": "prepare dev env",
            "dependsOn": [
                "prepare local environment",
                "frontend npm install"
            ],
            "dependsOrder": "parallel"
        },
        {
            "label": "prepare local environment",
            "type": "shell",
            "command": "echo ${command:fx-extension.pre-debug-check}"
        },
        {
            "label": "Start Frontend",
            "dependsOn": [
                "Start frontend",
                "teamsfx: auth start"
            ],
            "dependsOrder": "parallel"
        },
        {
            "label": "Start frontend",
            "type": "shell",
            "command": "node ../teamsfx/script/run.tab.js .. ../teamsfx/.env.local",
            "isBackground": true,
            "options": {
                "cwd": "${workspaceFolder}/tabs"
            },
            "problemMatcher": {
                "pattern": {
                    "regexp": "^.*$",
                    "file": 0,
                    "location": 1,
                    "message": 2
                },
                "background": {
                    "activeOnStart": true,
                    "beginsPattern": ".*",
                    "endsPattern": "Compiled|Failed|compiled|failed"
                }
            }
        },
        {
            "label": "frontend npm install",
            "type": "shell",
            "command": "npm install",
            "options": {
                "cwd": "${workspaceFolder}/tabs"
            }
        },
        {
            "label": "Start Bot",
            "dependsOn": "teamsfx: bot start"
        },
        {
            "label": "bot npm install",
            "type": "shell",
            "command": "npm install",
            "options": {
                "cwd": "${workspaceFolder}/bot"
            }
        }
    ]
}