version: 1.0.0

deploy:
  - uses: prerequisite/install 
    with:
      devCert:
        trust: true

  - uses: npm/command
    with:
      args: install --no-audit
      workingDirectory: ./tabs

