version: 1.0.0

deploy:
  - uses: tools/install 
    with:
      func: true

  - uses: npm/command
    with:
      args: install --no-audit
      workingDirectory: ./bot

